============================= test session starts ==============================
platform linux -- Python 3.11.4, pytest-7.4.0
rootdir: /workspace/todo-service
collected 10 items

tests/test_service.py::test_create_todo PASSED                           [ 10%]
tests/test_service.py::test_list_empty PASSED                            [ 20%]
tests/test_service.py::test_list_todos PASSED                            [ 30%]
tests/test_service.py::test_complete_marks_as_done PASSED                [ 40%]
tests/test_service.py::test_complete_is_idempotent FAILED                [ 50%]
tests/test_service.py::test_completed_list_accurate PASSED               [ 60%]
tests/test_service.py::test_pending_list_accurate PASSED                 [ 70%]
tests/test_service.py::test_delete_todo PASSED                           [ 80%]
tests/test_service.py::test_delete_nonexistent PASSED                    [ 90%]

=================================== FAILURES ===================================
_________________ test_complete_is_idempotent _____________________________

    def test_complete_is_idempotent(svc):
        """Completing an already-completed todo should keep it completed."""
        todo = svc.create("Deploy to prod")
        svc.complete(todo.id)
        svc.complete(todo.id)
>       assert svc.get(todo.id).completed is True
E       AssertionError: assert False is True
E        +  where False = <Todo id=1 title='Deploy to prod' completed=False>.completed

tests/test_service.py:35, in test_complete_is_idempotent

=========================== short test summary info ============================
FAILED tests/test_service.py::test_complete_is_idempotent
========================= 1 failed, 9 passed in 0.18s ==========================
